11:32:03 **** Build of configuration Debug for project tp2_good ****
make all 
Building file: ../src/helloworld.c
Invoking: ARM gcc compiler
arm-xilinx-eabi-gcc -Wall -O0 -g3 -c -fmessage-length=0 -MT"src/helloworld.o" -I../../bsp/ps7_cortexa9_0/include -MMD -MP -MF"src/helloworld.d" -MT"src/helloworld.d" -o "src/helloworld.o" "../src/helloworld.c"
cygwin warning:
  MS-DOS style path detected: C:\temp\tp2Code\adv7511_zed.sdk\tp2_good\Debug
  Preferred POSIX equivalent is: /cygdrive/c/temp/tp2Code/adv7511_zed.sdk/tp2_good/Debug
  CYGWIN environment variable option "nodosfilewarning" turns off this warning.
  Consult the user's guide for more details about POSIX paths:
    http://cygwin.com/cygwin-ug-net/using.html#using-pathnames
Finished building: ../src/helloworld.c
 
Building file: ../src/platform.c
Invoking: ARM gcc compiler
arm-xilinx-eabi-gcc -Wall -O0 -g3 -c -fmessage-length=0 -MT"src/platform.o" -I../../bsp/ps7_cortexa9_0/include -MMD -MP -MF"src/platform.d" -MT"src/platform.d" -o "src/platform.o" "../src/platform.c"
cygwin warning:
  MS-DOS style path detected: C:\temp\tp2Code\adv7511_zed.sdk\tp2_good\Debug
  Preferred POSIX equivalent is: /cygdrive/c/temp/tp2Code/adv7511_zed.sdk/tp2_good/Debug
  CYGWIN environment variable option "nodosfilewarning" turns off this warning.
  Consult the user's guide for more details about POSIX paths:
    http://cygwin.com/cygwin-ug-net/using.html#using-pathnames
Finished building: ../src/platform.c
 
Building target: tp2_good.elf
Invoking: ARM gcc linker
arm-xilinx-eabi-gcc -Wl,-T -Wl,../src/lscript.ld -L../../bsp/ps7_cortexa9_0/lib -o "tp2_good.elf"  ./src/helloworld.o ./src/platform.o   -Wl,--start-group,-lxil,-lgcc,-lc,--end-group
cygwin warning:
  MS-DOS style path detected: C:\temp\tp2Code\adv7511_zed.sdk\tp2_good\Debug
  Preferred POSIX equivalent is: /cygdrive/c/temp/tp2Code/adv7511_zed.sdk/tp2_good/Debug
  CYGWIN environment variable option "nodosfilewarning" turns off this warning.
  Consult the user's guide for more details about POSIX paths:
    http://cygwin.com/cygwin-ug-net/using.html#using-pathnames
Finished building target: tp2_good.elf
 
Invoking: ARM Print Size
arm-xilinx-eabi-size tp2_good.elf  |tee "tp2_good.elf.size"
cygwin warning:
  MS-DOS style path detected: C:\temp\tp2Code\adv7511_zed.sdk\tp2_good\Debug
  Preferred POSIX equivalent is: /cygdrive/c/temp/tp2Code/adv7511_zed.sdk/tp2_good/Debug
  CYGWIN environment variable option "nodosfilewarning" turns off this warning.
  Consult the user's guide for more details about POSIX paths:
    http://cygwin.com/cygwin-ug-net/using.html#using-pathnames
   text	   data	    bss	    dec	    hex	filename
  22888	   1152	  22564	  46604	   b60c	tp2_good.elf
Finished building: tp2_good.elf.size
 

11:32:04 Build Finished (took 681ms)

